// Jest Snapshot v1, https://goo.gl/fbAQLP

exports[`babel config exports correctly 1`] = `
Array [
  Array [
    "env",
    Object {
      "modules": "commonjs",
      "targets": Object {
        "browsers": "> 1%",
        "node": "current",
      },
    },
  ],
  "react",
]
`;

exports[`babel config exports correctly 2`] = `
Array [
  "@babel/transform-class-properties",
  "@babel/transform-decorators-legacy",
  "@babel/plugin-proposal-class-properties",
  "@babel/plugin-proposal-decorators",
  "@babel/plugin-proposal-json-strings",
  "@babel/plugin-syntax-dynamic-import",
  "@babel/plugin-syntax-import-meta",
  "@babel/plugin-proposal-optional-chaining",
  "@babel/plugin-proposal-pipeline-operator",
  Array [
    "@babel/ramda",
    Object {
      "useES": false,
    },
  ],
  Array [
    "@babel/plugin-transform-runtime",
    Object {
      "polyfill": false,
      "regenerator": true,
    },
  ],
]
`;
