// Jest Snapshot v1, https://goo.gl/fbAQLP

exports[`babel config exports correctly 1`] = `
Array [
  Array [
    "env",
    Object {
      "modules": "commonjs",
      "targets": Object {
        "browsers": "> 1%",
        "node": "current",
      },
    },
  ],
  "stage-3",
  "react",
]
`;

exports[`babel config exports correctly 2`] = `
Array [
  "transform-class-properties",
  "transform-decorators-legacy",
  Array [
    "ramda",
    Object {
      "useES": false,
    },
  ],
  Array [
    "transform-runtime",
    Object {
      "polyfill": false,
      "regenerator": true,
    },
  ],
]
`;
